// Jest Snapshot v1, https://goo.gl/fbAQLP

exports[`describing App.tsx component render App.tsx test component 1`] = `null`;
